// Vitest Snapshot v1, https://vitest.dev/guide/snapshot.html

exports[`createCharacterThoughts > 履歴が3件ある状態でのキャラクターの思考を生成できる 1`] = `
{
  "characterName": "佐藤刑事",
  "memories": [
    {
      "recognizedInfo": "山田探偵が現場周辺の警備体制に不審な点を指摘しています。特に夜間の警備に空白時間があったとのこと。",
      "tags": [
        "警備体制",
        "内部犯行",
      ],
      "thought": "もし内部犯行なら、警備に隙が生じていたのは手引きによるものか？",
    },
    {
      "recognizedInfo": "夜間の空白時間帯に不審な人物の出入りが目撃されています。",
      "tags": [
        "アリバイ確認",
        "目撃情報",
      ],
      "thought": "内部犯行が疑われる状況なので、関係者のアリバイを確認する必要がある。",
    },
  ],
  "urgency": 1,
}
`;

exports[`createCharacterThoughts > 履歴がない状態でのキャラクターの思考を生成できる 1`] = `
{
  "characterName": "佐藤刑事",
  "memories": [
    {
      "recognizedInfo": "連続強盗事件が発生しており、探偵事務所のメンバーで捜査することになった。",
      "tags": [
        "連続強盗事件",
        "捜査チーム",
      ],
      "thought": "事件解決に向けてチームで情報を共有し、連携を深めることが重要。",
    },
    {
      "recognizedInfo": "犯人の手口から内部犯行の可能性が高いと考えている。",
      "tags": [
        "犯人手口",
        "内部犯行",
      ],
      "thought": "この情報をどう活用するか、開示のタイミングを慎重に見極める必要がある。",
    },
  ],
  "urgency": 2,
}
`;
