// Vitest Snapshot v1, https://vitest.dev/guide/snapshot.html

exports[`initCacheMswServer > anthropic 1`] = `
[
  {
    "text": "はい、春日さん。あなたの情報を登録させていただきます。",
    "type": "text",
  },
  {
    "id": "toolu_01LxpnngSSuQJinjHD3xexDN",
    "input": {
      "age": 42,
      "name": "春日",
    },
    "name": "register",
    "type": "tool_use",
  },
]
`;

exports[`initCacheMswServer > embeddings 1`] = `3`;

exports[`initCacheMswServer > fetch 1`] = `
{
  "abbreviation": "WAT",
  "client_ip": "106.154.140.240",
  "datetime": "2024-05-18T07:49:02.614684+01:00",
  "day_of_week": 6,
  "day_of_year": 139,
  "dst": false,
  "dst_from": null,
  "dst_offset": 0,
  "dst_until": null,
  "raw_offset": 3600,
  "timezone": "Africa/Lagos",
  "unixtime": 1716014942,
  "utc_datetime": "2024-05-18T06:49:02.614684+00:00",
  "utc_offset": "+01:00",
  "week_number": 20,
}
`;

exports[`initCacheMswServer > openai 1`] = `
[
  {
    "finish_reason": "length",
    "index": 0,
    "logprobs": null,
    "message": {
      "content": "I am a virtual assistant",
      "role": "assistant",
    },
  },
]
`;
